wasm-function[0]:0x32: WebAssembly.Exception: wasm exception
WebAssembly.Exception: wasm exception
    at rethrow0 (<anonymous>:wasm-function[0]:0x32)
    at *%(basename)s:21:18
